2026-09-18T00:00:41.960+03:00  INFO 17868 --- [multi-tenant-user-management-api] [SpringApplicationShutdownHook] j.LocalContainerEntityManagerFactoryBean : Closing JPA EntityManagerFactory for persistence unit 'default'
2026-09-18T00:00:41.970+03:00  INFO 17868 --- [multi-tenant-user-management-api] [SpringApplicationShutdownHook] com.zaxxer.hikari.HikariDataSource       : HikariPool-1 - Shutdown initiated...
2026-09-18T00:00:41.995+03:00  INFO 17868 --- [multi-tenant-user-management-api] [SpringApplicationShutdownHook] com.zaxxer.hikari.HikariDataSource       : HikariPool-1 - Shutdown completed.
2026-09-18T00:00:53.960+03:00  INFO 1432 --- [multi-tenant-user-management-api] [main] .MultiTenantUserManagementApiApplication : Starting MultiTenantUserManagementApiApplication using Java 17.0.12 with PID 1432 (C:\Users\jafeth\Downloads\multi-tenant-user-management-api\multi-tenant-user-management-api\target\classes started by jafeth in C:\Users\jafeth\Downloads\multi-tenant-user-management-api\multi-tenant-user-management-api)
2026-09-18T00:00:53.965+03:00  INFO 1432 --- [multi-tenant-user-management-api] [main] .MultiTenantUserManagementApiApplication : The following 1 profile is active: "postgres"
2026-09-18T00:00:55.839+03:00  INFO 1432 --- [multi-tenant-user-management-api] [main] .s.d.r.c.RepositoryConfigurationDelegate : Bootstrapping Spring Data JPA repositories in DEFAULT mode.
2026-09-18T00:00:55.985+03:00  INFO 1432 --- [multi-tenant-user-management-api] [main] .s.d.r.c.RepositoryConfigurationDelegate : Finished Spring Data repository scanning in 130 ms. Found 3 JPA repository interfaces.
2026-09-18T00:00:57.482+03:00  INFO 1432 --- [multi-tenant-user-management-api] [main] o.s.b.w.embedded.tomcat.TomcatWebServer  : Tomcat initialized with port 8081 (http)
2026-09-18T00:00:57.506+03:00  INFO 1432 --- [multi-tenant-user-management-api] [main] o.apache.catalina.core.StandardService   : Starting service [Tomcat]
2026-09-18T00:00:57.507+03:00  INFO 1432 --- [multi-tenant-user-management-api] [main] o.apache.catalina.core.StandardEngine    : Starting Servlet engine: [Apache Tomcat/10.1.28]
2026-09-18T00:00:57.656+03:00  INFO 1432 --- [multi-tenant-user-management-api] [main] o.a.c.c.C.[Tomcat].[localhost].[/]       : Initializing Spring embedded WebApplicationContext
2026-09-18T00:00:57.657+03:00  INFO 1432 --- [multi-tenant-user-management-api] [main] w.s.c.ServletWebServerApplicationContext : Root WebApplicationContext: initialization completed in 3593 ms
2026-09-18T00:00:58.096+03:00  INFO 1432 --- [multi-tenant-user-management-api] [main] o.hibernate.jpa.internal.util.LogHelper  : HHH000204: Processing PersistenceUnitInfo [name: default]
2026-09-18T00:00:58.284+03:00  INFO 1432 --- [multi-tenant-user-management-api] [main] org.hibernate.Version                    : HHH000412: Hibernate ORM core version 6.5.2.Final
2026-09-18T00:00:58.384+03:00  INFO 1432 --- [multi-tenant-user-management-api] [main] o.h.c.internal.RegionFactoryInitiator    : HHH000026: Second-level cache disabled
2026-09-18T00:00:59.193+03:00  INFO 1432 --- [multi-tenant-user-management-api] [main] o.s.o.j.p.SpringPersistenceUnitInfo      : No LoadTimeWeaver setup: ignoring JPA class transformer
2026-09-18T00:00:59.259+03:00  INFO 1432 --- [multi-tenant-user-management-api] [main] com.zaxxer.hikari.HikariDataSource       : HikariPool-1 - Starting...
2026-09-18T00:00:59.665+03:00  INFO 1432 --- [multi-tenant-user-management-api] [main] com.zaxxer.hikari.pool.HikariPool        : HikariPool-1 - Added connection org.postgresql.jdbc.PgConnection@29b8df5
2026-09-18T00:00:59.669+03:00  INFO 1432 --- [multi-tenant-user-management-api] [main] com.zaxxer.hikari.HikariDataSource       : HikariPool-1 - Start completed.
2026-09-18T00:00:59.754+03:00  WARN 1432 --- [multi-tenant-user-management-api] [main] org.hibernate.orm.deprecation            : HHH90000025: PostgreSQLDialect does not need to be specified explicitly using 'hibernate.dialect' (remove the property setting and it will be selected by default)
2026-09-18T00:01:02.457+03:00  INFO 1432 --- [multi-tenant-user-management-api] [main] o.h.e.t.j.p.i.JtaPlatformInitiator       : HHH000489: No JTA platform available (set 'hibernate.transaction.jta.platform' to enable JTA platform integration)
2026-09-18T00:01:02.552+03:00 DEBUG 1432 --- [multi-tenant-user-management-api] [main] org.hibernate.SQL                        : 
    alter table if exists roles 
       alter column description set data type TEXT
2026-09-18T00:01:02.657+03:00  INFO 1432 --- [multi-tenant-user-management-api] [main] j.LocalContainerEntityManagerFactoryBean : Initialized JPA EntityManagerFactory for persistence unit 'default'
2026-09-18T00:01:03.704+03:00  WARN 1432 --- [multi-tenant-user-management-api] [main] JpaBaseConfiguration$JpaWebConfiguration : spring.jpa.open-in-view is enabled by default. Therefore, database queries may be performed during view rendering. Explicitly configure spring.jpa.open-in-view to disable this warning
2026-09-18T00:01:04.665+03:00  INFO 1432 --- [multi-tenant-user-management-api] [main] o.s.b.w.embedded.tomcat.TomcatWebServer  : Tomcat started on port 8081 (http) with context path '/'
2026-09-18T00:01:04.682+03:00  INFO 1432 --- [multi-tenant-user-management-api] [main] .MultiTenantUserManagementApiApplication : Started MultiTenantUserManagementApiApplication in 12.529 seconds (process running for 13.561)
2026-09-18T00:15:31.616+03:00  INFO 1432 --- [multi-tenant-user-management-api] [http-nio-8081-exec-2] o.a.c.c.C.[Tomcat].[localhost].[/]       : Initializing Spring DispatcherServlet 'dispatcherServlet'
2026-09-18T00:15:31.617+03:00  INFO 1432 --- [multi-tenant-user-management-api] [http-nio-8081-exec-2] o.s.web.servlet.DispatcherServlet        : Initializing Servlet 'dispatcherServlet'
2026-09-18T00:15:31.619+03:00  INFO 1432 --- [multi-tenant-user-management-api] [http-nio-8081-exec-2] o.s.web.servlet.DispatcherServlet        : Completed initialization in 2 ms
2026-09-18T00:33:38.924+03:00  INFO 1432 --- [multi-tenant-user-management-api] [SpringApplicationShutdownHook] j.LocalContainerEntityManagerFactoryBean : Closing JPA EntityManagerFactory for persistence unit 'default'
2026-09-18T00:33:38.928+03:00  INFO 1432 --- [multi-tenant-user-management-api] [SpringApplicationShutdownHook] com.zaxxer.hikari.HikariDataSource       : HikariPool-1 - Shutdown initiated...
2026-09-18T00:33:38.940+03:00  INFO 1432 --- [multi-tenant-user-management-api] [SpringApplicationShutdownHook] com.zaxxer.hikari.HikariDataSource       : HikariPool-1 - Shutdown completed.
